// Jest Snapshot v1, https://goo.gl/fbAQLP

exports[`Surveys view component renders without crashing 1`] = `
<div>
  <MainHeader />
  <JobsHeader />
  <Connect(JobsContainer) />
</div>
`;
